==============================================================================================================
CHECK 2026-09-11 18:11 UTC   (7.1s, 30 canales)
==============================================================================================================
● OK # 1 Alcance FMTV                               [Paraguay] HTTP=200  señal OK (131072 B del 1er seg, 6 segs)
● OK # 2 GEN HD                                     [Paraguay] HTTP=200  señal OK (131072 B del 1er seg, 3 segs)
■ MUERTO # 3 Trece                                      [Paraguay] HTTP=403  HTTP 403
■ MUERTO # 4 Unicanal HD                                [Paraguay] HTTP=403  HTTP 403
● OK # 5 TeleFuturo SD                              [Paraguay] HTTP=200  señal OK (131072 B del 1er seg, 3 segs)
● OK # 6 Ñandutí TV                                 [Paraguay] HTTP=200  señal OK (131072 B del 1er seg, 6 segs)
● OK # 7 ABC TV                                     [Paraguay] HTTP=200  señal OK (131072 B del 1er seg, 3875 segs)
● OK # 8 La Popu                                    [Paraguay] HTTP=200  señal OK (60160 B del 1er seg, 347 segs)
● OK # 9 Canal 8 Vision TV (1080p)                  [General] HTTP=200  señal OK (131072 B del 1er seg, 3 segs)
● OK #10 4DmásNoticias TV (1080p) [Not 24/7]        [News] HTTP=200  señal OK (131072 B del 1er seg, 3 segs)
● OK #11 La Tele                                    [Paraguay] HTTP=200  señal OK (131072 B del 1er seg, 3 segs)
● OK #12 La Tele HD                                 [Paraguay] HTTP=200  señal OK (131072 B del 1er seg, 3 segs)
● OK #13 Oasis TV                                   [Paraguay] HTTP=200  señal OK (131072 B del 1er seg, 6 segs)
● OK #14 RB TV                                      [Paraguay] HTTP=200  señal OK (131072 B del 1er seg, 6 segs)
● OK #15 RED DIGITAL SAN PEDRO                      [Paraguay] HTTP=200  señal OK (131072 B del 1er seg, 6 segs)
● OK #16 TV AIRE PARAGUAY                           [Paraguay] HTTP=200  señal OK (131072 B del 1er seg, 6 segs)
● OK #17 Atlas Sport (Intro)                        [Paraguay] HTTP=200  señal OK (131072 B del 1er seg, 7 segs)
● OK #18 NPY                                        [Paraguay] HTTP=200  señal OK (131072 B del 1er seg, 3 segs)
● OK #19 Gobierno de Paraguay                       [Paraguay] HTTP=200  señal OK (134968 B del 1er seg, 6 segs)
● OK #20 RCC                                        [Paraguay] HTTP=200  señal OK (131072 B del 1er seg, 3 segs)
● OK #21 COSMOS TV                                  [Paraguay] HTTP=200  señal OK (131072 B del 1er seg, 6 segs)
● OK #22 E40 Paraguay                               [Paraguay] HTTP=200  señal OK (131072 B del 1er seg, 3 segs)
● OK #23 Venus                                      [Paraguay] HTTP=200  señal OK (131072 B del 1er seg, 3 segs)
◐ PARCIAL #24 America TV Argentina                       [Argentina] HTTP=200  playlist OK pero segmento HTTP 403
● OK #25 Aire de Santa Fé Argentina                 [Argentina] HTTP=200  señal OK (131072 B del 1er seg, 10 segs)
● OK #26 TyC Sports Argentina                       [Argentina] HTTP=200  señal OK (131072 B del 1er seg, 10 segs)
● OK #27 Cumbia MIX Argentina                       [Argentina] HTTP=200  señal OK (131072 B del 1er seg, 4 segs)
● OK #28 AXN Latin America South                    [Movies] HTTP=200  señal OK (131072 B del 1er seg, 4 segs)
● OK #29 Disney Channel Latin America (1080p)       [Animation;Ki] HTTP=200  señal OK (131072 B del 1er seg, 4 segs)
● OK #30 Disney Channel Latin America Panregional H [Animation;Ki] HTTP=200  señal OK (131072 B del 1er seg, 5 segs)

OK=27  PARTIAL=1  DEAD=2
RES 1|Alcance FMTV|OK|200|señal OK (131072 B del 1er seg, 6 segs)
RES 2|GEN HD|OK|200|señal OK (131072 B del 1er seg, 3 segs)
RES 3|Trece|DEAD|403|HTTP 403
RES 4|Unicanal HD|DEAD|403|HTTP 403
RES 5|TeleFuturo SD|OK|200|señal OK (131072 B del 1er seg, 3 segs)
RES 6|Ñandutí TV|OK|200|señal OK (131072 B del 1er seg, 6 segs)
RES 7|ABC TV|OK|200|señal OK (131072 B del 1er seg, 3875 segs)
RES 8|La Popu|OK|200|señal OK (60160 B del 1er seg, 347 segs)
RES 9|Canal 8 Vision TV (1080p)|OK|200|señal OK (131072 B del 1er seg, 3 segs)
RES 10|4DmásNoticias TV (1080p) [Not 24/7]|OK|200|señal OK (131072 B del 1er seg, 3 segs)
RES 11|La Tele|OK|200|señal OK (131072 B del 1er seg, 3 segs)
RES 12|La Tele HD|OK|200|señal OK (131072 B del 1er seg, 3 segs)
RES 13|Oasis TV|OK|200|señal OK (131072 B del 1er seg, 6 segs)
RES 14|RB TV|OK|200|señal OK (131072 B del 1er seg, 6 segs)
RES 15|RED DIGITAL SAN PEDRO|OK|200|señal OK (131072 B del 1er seg, 6 segs)
RES 16|TV AIRE PARAGUAY|OK|200|señal OK (131072 B del 1er seg, 6 segs)
RES 17|Atlas Sport (Intro)|OK|200|señal OK (131072 B del 1er seg, 7 segs)
RES 18|NPY|OK|200|señal OK (131072 B del 1er seg, 3 segs)
RES 19|Gobierno de Paraguay|OK|200|señal OK (134968 B del 1er seg, 6 segs)
RES 20|RCC|OK|200|señal OK (131072 B del 1er seg, 3 segs)
RES 21|COSMOS TV|OK|200|señal OK (131072 B del 1er seg, 6 segs)
RES 22|E40 Paraguay|OK|200|señal OK (131072 B del 1er seg, 3 segs)
RES 23|Venus|OK|200|señal OK (131072 B del 1er seg, 3 segs)
RES 24|America TV Argentina|PARTIAL|200|playlist OK pero segmento HTTP 403
RES 25|Aire de Santa Fé Argentina|OK|200|señal OK (131072 B del 1er seg, 10 segs)
RES 26|TyC Sports Argentina|OK|200|señal OK (131072 B del 1er seg, 10 segs)
RES 27|Cumbia MIX Argentina|OK|200|señal OK (131072 B del 1er seg, 4 segs)
RES 28|AXN Latin America South|OK|200|señal OK (131072 B del 1er seg, 4 segs)
RES 29|Disney Channel Latin America (1080p)|OK|200|señal OK (131072 B del 1er seg, 4 segs)
RES 30|Disney Channel Latin America Panregional HD (1080p)|OK|200|señal OK (131072 B del 1er seg, 5 segs)
